// Jest Snapshot v1, https://goo.gl/fbAQLP

exports[`should render App component correctly 1`] = `
<div
  className="left-shape-container"
>
  <DiamondAngleRight
    styleColor="diamond-angle-right__off-white-grey"
  />
</div>
`;
