// Jest Snapshot v1, https://goo.gl/fbAQLP

exports[`should render App component correctly 1`] = `
<div
  className="about"
>
  <h1
    className="about__header"
  >
    Lorem ipsum dolor sit amet, consec tetur adip
  </h1>
  <p
    className="about__text"
  >
    Lorem ipsum dolor sit amet consectetur adipiscing elit, nullam efficitur lectus eros
  </p>
</div>
`;
