// Jest Snapshot v1, https://goo.gl/fbAQLP

exports[`should render App component correctly 1`] = `
<div>
  <TopMiddleShapeContainer />
  <AboutProfileCardContainer />
  <BottomLeftShapeContainer />
</div>
`;
