// Jest Snapshot v1, https://goo.gl/fbAQLP

exports[`should render App component correctly 1`] = `
<div
  className="profile-card"
>
  <div
    className="profile-card-top"
  />
  <div
    className="profile-card-bottom"
  >
    <h2
      className="profile-card-bottom__header"
    >
      Johanna Greene
    </h2>
    <p
      className="profile-card-bottom__text"
    >
      Product Designer
    </p>
    <p
      className="profile-card-bottom__text"
    >
      Wonderful
    </p>
    <p
      className="profile-card-bottom__text"
    >
      (808) 909-1101
    </p>
    <p
      className="profile-card-bottom__text"
    >
      JGreene@gmail.com
    </p>
    <p
      className="profile-card-bottom__text"
    >
      http://www.Greenelikethecolor.com
    </p>
  </div>
</div>
`;
